e:\develop\c++code\mini_game\mini_game\x64\debug\vc145.pdb
e:\develop\c++code\mini_game\mini_game\x64\debug\vc145.idb
e:\develop\c++code\mini_game\mini_game\x64\debug\item.obj
e:\develop\c++code\mini_game\mini_game\x64\debug\spellbook.obj
e:\develop\c++code\mini_game\mini_game\x64\debug\spellsystem.obj
e:\develop\c++code\mini_game\mini_game\x64\debug\command.obj
e:\develop\c++code\mini_game\mini_game\x64\debug\combatsystem.obj
e:\develop\c++code\mini_game\mini_game\x64\debug\segfault.obj
e:\develop\c++code\mini_game\mini_game\x64\debug\stackoverflow.obj
e:\develop\c++code\mini_game\mini_game\x64\debug\nullpointer.obj
e:\develop\c++code\mini_game\mini_game\x64\debug\memoryleak.obj
e:\develop\c++code\mini_game\mini_game\x64\debug\bug.obj
e:\develop\c++code\mini_game\mini_game\x64\debug\enemyfactory.obj
e:\develop\c++code\mini_game\mini_game\x64\debug\enemy.obj
e:\develop\c++code\mini_game\mini_game\x64\debug\player.obj
e:\develop\c++code\mini_game\mini_game\x64\debug\entity.obj
e:\develop\c++code\mini_game\mini_game\x64\debug\eventbus.obj
e:\develop\c++code\mini_game\mini_game\x64\debug\renderer.obj
e:\develop\c++code\mini_game\mini_game\x64\debug\dungeonmap.obj
e:\develop\c++code\mini_game\mini_game\x64\debug\gameengine.obj
e:\develop\c++code\mini_game\mini_game\x64\debug\main.obj
e:\develop\c++code\mini_game\mini_game\x64\debug\aitypes.obj
e:\develop\c++code\mini_game\mini_game\x64\debug\potion.obj
e:\develop\c++code\mini_game\mini_game\x64\debug\inventory.obj
e:\develop\c++code\mini_game\mini_game\x64\debug\codefragment.obj
e:\develop\c++code\mini_game\x64\debug\mini_game.exe
e:\develop\c++code\mini_game\x64\debug\mini_game.pdb
e:\develop\c++code\mini_game\mini_game\x64\debug\mini_game.ilk
e:\develop\c++code\mini_game\mini_game\x64\debug\npc.obj
e:\develop\c++code\mini_game\mini_game\x64\debug\mini_game.tlog\cl.command.1.tlog
e:\develop\c++code\mini_game\mini_game\x64\debug\mini_game.tlog\cl.items.tlog
e:\develop\c++code\mini_game\mini_game\x64\debug\mini_game.tlog\cl.read.1.tlog
e:\develop\c++code\mini_game\mini_game\x64\debug\mini_game.tlog\cl.write.1.tlog
e:\develop\c++code\mini_game\mini_game\x64\debug\mini_game.tlog\link.command.1.tlog
e:\develop\c++code\mini_game\mini_game\x64\debug\mini_game.tlog\link.read.1.tlog
e:\develop\c++code\mini_game\mini_game\x64\debug\mini_game.tlog\link.secondary.1.tlog
e:\develop\c++code\mini_game\mini_game\x64\debug\mini_game.tlog\link.write.1.tlog
