e:\develop\c++code\mini_game\mini_game\x64\release\vc145.pdb
e:\develop\c++code\mini_game\mini_game\x64\release\codefragment.obj
e:\develop\c++code\mini_game\mini_game\x64\release\item.obj
e:\develop\c++code\mini_game\mini_game\x64\release\spellbook.obj
e:\develop\c++code\mini_game\mini_game\x64\release\spellsystem.obj
e:\develop\c++code\mini_game\mini_game\x64\release\command.obj
e:\develop\c++code\mini_game\mini_game\x64\release\combatsystem.obj
e:\develop\c++code\mini_game\mini_game\x64\release\segfault.obj
e:\develop\c++code\mini_game\mini_game\x64\release\stackoverflow.obj
e:\develop\c++code\mini_game\mini_game\x64\release\nullpointer.obj
e:\develop\c++code\mini_game\mini_game\x64\release\memoryleak.obj
e:\develop\c++code\mini_game\mini_game\x64\release\bug.obj
e:\develop\c++code\mini_game\mini_game\x64\release\enemyfactory.obj
e:\develop\c++code\mini_game\mini_game\x64\release\enemy.obj
e:\develop\c++code\mini_game\mini_game\x64\release\player.obj
e:\develop\c++code\mini_game\mini_game\x64\release\entity.obj
e:\develop\c++code\mini_game\mini_game\x64\release\eventbus.obj
e:\develop\c++code\mini_game\mini_game\x64\release\renderer.obj
e:\develop\c++code\mini_game\mini_game\x64\release\dungeonmap.obj
e:\develop\c++code\mini_game\mini_game\x64\release\gameengine.obj
e:\develop\c++code\mini_game\mini_game\x64\release\main.obj
e:\develop\c++code\mini_game\mini_game\x64\release\aitypes.obj
e:\develop\c++code\mini_game\mini_game\x64\release\equipment.obj
e:\develop\c++code\mini_game\mini_game\x64\release\potion.obj
e:\develop\c++code\mini_game\mini_game\x64\release\inventory.obj
e:\develop\c++code\mini_game\x64\release\mini_game.exe
e:\develop\c++code\mini_game\x64\release\mini_game.pdb
e:\develop\c++code\mini_game\mini_game\x64\release\mini_game.ipdb
e:\develop\c++code\mini_game\mini_game\x64\release\mini_game.iobj
e:\develop\c++code\mini_game\mini_game\x64\release\mini_game.tlog\cl.command.1.tlog
e:\develop\c++code\mini_game\mini_game\x64\release\mini_game.tlog\cl.items.tlog
e:\develop\c++code\mini_game\mini_game\x64\release\mini_game.tlog\cl.read.1.tlog
e:\develop\c++code\mini_game\mini_game\x64\release\mini_game.tlog\cl.write.1.tlog
e:\develop\c++code\mini_game\mini_game\x64\release\mini_game.tlog\link.command.1.tlog
e:\develop\c++code\mini_game\mini_game\x64\release\mini_game.tlog\link.read.1.tlog
e:\develop\c++code\mini_game\mini_game\x64\release\mini_game.tlog\link.secondary.1.tlog
e:\develop\c++code\mini_game\mini_game\x64\release\mini_game.tlog\link.write.1.tlog
